// Jest Snapshot v1, https://goo.gl/fbAQLP

exports[`RawMaterial matches snapshot 1`] = `
<DocumentFragment>
  <div
    class="MuiBox-root css-hboir5"
  >
    <div
      class="MuiDrawer-root MuiDrawer-docked css-n8sr6d-MuiDrawer-docked"
    >
      <div
        class="MuiPaper-root MuiPaper-elevation MuiPaper-elevation0 MuiDrawer-paper MuiDrawer-paperAnchorLeft MuiDrawer-paperAnchorDockedLeft css-12i7wg6-MuiPaper-root-MuiDrawer-paper"
      >
        <div
          class="css-2j8t8r-MuiStack-root"
        >
          <div
            class="css-bciaqz-MuiStack-root"
          >
            <picture>
              <img
                alt="logo"
                src="/menu/logo.svg"
              />
            </picture>
            <div
              class="MuiBox-root css-0"
            >
              <div
                class="sc-gsFSXq jqxsqU"
                color="#808080"
                font-size="16px"
                font-weight="400"
              >
                Welcome
              </div>
              <div
                class="sc-aXZVg iqDiuF"
              />
              <div
                class="sc-cwHptR iDuTqq"
              >
                SOLUTIONS
              </div>
              <a
                href="/scout"
              >
                <div
                  class="sc-eldPxv hGWydh"
                >
                  <img
                    class="sc-jEACwC ffGXID"
                    src="/menu/scouting.svg"
                  />
                  <span
                    class="sc-dLMFU cOPHQO"
                  >
                    Scouting
                  </span>
                </div>
              </a>
              <a
                href="/source"
              >
                <div
                  class="sc-eldPxv hGWydh"
                >
                  <img
                    class="sc-jEACwC ffGXID"
                    src="/menu/sourcing.svg"
                  />
                  <span
                    class="sc-dLMFU cOPHQO"
                  >
                    Sourcing
                  </span>
                </div>
              </a>
              <a
                href=""
              >
                <div
                  class="sc-eldPxv gwhLSd"
                >
                  <img
                    class="sc-jEACwC ffGXID"
                    src="/menu/evaluate.svg"
                  />
                  <span
                    class="sc-dLMFU kVJyiH"
                  >
                    Evaluate
                  </span>
                  <span
                    class="sc-eDPEul eBIuwj"
                  >
                    COMING SOON
                  </span>
                </div>
              </a>
              <a
                href=""
              >
                <div
                  class="sc-eldPxv gwhLSd"
                >
                  <img
                    class="sc-jEACwC ffGXID"
                    src="/menu/sustainability.svg"
                  />
                  <span
                    class="sc-dLMFU kVJyiH"
                  >
                    Sustainability
                  </span>
                  <img
                    class="sc-cPiKLX"
                    src="/menu/leaf.svg"
                  />
                  <span
                    class="sc-eDPEul eBIuwj"
                  >
                    COMING SOON
                  </span>
                </div>
              </a>
              <a
                href=""
              >
                <div
                  class="sc-eldPxv gwhLSd"
                >
                  <img
                    class="sc-jEACwC ffGXID"
                    src="/menu/finance.svg"
                  />
                  <span
                    class="sc-dLMFU kVJyiH"
                  >
                    Finance
                  </span>
                  <span
                    class="sc-eDPEul eBIuwj"
                  >
                    COMING SOON
                  </span>
                </div>
              </a>
              <a
                href=""
              >
                <div
                  class="sc-eldPxv gwhLSd"
                >
                  <img
                    class="sc-jEACwC ffGXID"
                    src="/menu/transport.svg"
                  />
                  <span
                    class="sc-dLMFU kVJyiH"
                  >
                    Transport
                  </span>
                  <span
                    class="sc-eDPEul eBIuwj"
                  >
                    COMING SOON
                  </span>
                </div>
              </a>
              <a
                href="/total-solution"
              >
                <div
                  class="sc-eldPxv hGWydh"
                >
                  <img
                    class="sc-jEACwC ffGXID"
                    src="/menu/total-solution.svg"
                  />
                  <span
                    class="sc-dLMFU cOPHQO"
                  >
                    Total Solution
                  </span>
                </div>
              </a>
            </div>
            <div
              class="MuiBox-root css-0"
            >
              <div
                class="sc-cwHptR iDuTqq"
              >
                MARKET DATA
              </div>
              <a
                href="/raw-material"
              >
                <div
                  class="sc-eldPxv hGWydh"
                >
                  <img
                    class="sc-jEACwC ffGXID"
                    src="/menu/raw-material.svg"
                  />
                  <span
                    class="sc-dLMFU cOPHQO"
                  >
                    Raw Material
                  </span>
                </div>
              </a>
              <a
                href="/supplier-news"
              >
                <div
                  class="sc-eldPxv hGWydh"
                >
                  <img
                    class="sc-jEACwC ffGXID"
                    src="/menu/supplier-news.svg"
                  />
                  <span
                    class="sc-dLMFU cOPHQO"
                  >
                    News & Insights
                  </span>
                </div>
              </a>
              <a
                href="/supply-chain-transparency"
              >
                <div
                  class="sc-eldPxv hGWydh"
                >
                  <img
                    class="sc-jEACwC ffGXID"
                    src="/menu/supply-chain-transparency.svg"
                  />
                  <span
                    class="sc-dLMFU cOPHQO"
                  >
                    Supply Chain Transparency
                  </span>
                </div>
              </a>
            </div>
          </div>
          <div
            class="css-f97uj8-MuiStack-root"
          >
            <div
              class="css-94l3mb-MuiStack-root"
            >
              <div
                class="css-m69qwo-MuiStack-root"
              >
                <img
                  src="/menu/globe.svg"
                />
                <div
                  class="sc-gEvEer kddvaW"
                />
                <div
                  class="sc-gsFSXq fppGTn"
                  color="#1a1a1a"
                  font-size="16px"
                  font-weight="300"
                >
                  Language
                </div>
              </div>
              <div
                class="MuiToggleButtonGroup-root sc-kpDqfm lKMqY css-1gjgmky-MuiToggleButtonGroup-root"
                role="group"
              >
                <button
                  aria-pressed="false"
                  class="MuiButtonBase-root MuiToggleButton-root MuiToggleButton-sizeMedium MuiToggleButton-standard sc-dAlyuH bFVDyW MuiToggleButtonGroup-grouped MuiToggleButtonGroup-groupedHorizontal css-ueukts-MuiButtonBase-root-MuiToggleButton-root"
                  tabindex="0"
                  type="button"
                  value="en"
                >
                  EN
                  <span
                    class="MuiTouchRipple-root css-8je8zh-MuiTouchRipple-root"
                  />
                </button>
                <button
                  aria-pressed="false"
                  class="MuiButtonBase-root MuiToggleButton-root MuiToggleButton-sizeMedium MuiToggleButton-standard sc-dAlyuH bFVDyW MuiToggleButtonGroup-grouped MuiToggleButtonGroup-groupedHorizontal css-ueukts-MuiButtonBase-root-MuiToggleButton-root"
                  tabindex="0"
                  type="button"
                  value="de"
                >
                  DE
                  <span
                    class="MuiTouchRipple-root css-8je8zh-MuiTouchRipple-root"
                  />
                </button>
              </div>
            </div>
            <a
              href="/account"
            >
              <div
                class="sc-eldPxv hGWydh"
              >
                <img
                  class="sc-jEACwC ffGXID"
                  src="/menu/profile.svg"
                />
                <span
                  class="sc-dLMFU cOPHQO"
                >
                  Account
                </span>
              </div>
            </a>
            <div
              class="css-94l3mb-MuiStack-root"
            >
              <div
                class="css-m69qwo-MuiStack-root"
              >
                <img
                  src="/menu/feedback.svg"
                />
                <div
                  class="sc-gEvEer kddvaW"
                />
                <div
                  class="sc-gsFSXq fppGTn"
                  color="#1a1a1a"
                  font-size="16px"
                  font-weight="300"
                >
                  Feedback
                </div>
              </div>
            </div>
          </div>
        </div>
      </div>
    </div>
    <main
      class="MuiBox-root css-deuk67"
    >
      <header
        class="MuiPaper-root MuiPaper-elevation MuiPaper-elevation4 MuiAppBar-root MuiAppBar-colorTransparent MuiAppBar-positionSticky css-vimye0-MuiPaper-root-MuiAppBar-root"
        style="box-shadow: none; border-bottom: 1px solid #F0F0F0; border-left: 1px solid #F0F0F0;"
      >
        <div
          class="MuiToolbar-root MuiToolbar-gutters MuiToolbar-regular css-hyum1k-MuiToolbar-root"
          style="background-color: white;"
        >
          <div
            class="MuiGrid-root MuiGrid-container css-11lq3yg-MuiGrid-root"
            style="padding: 0px 48px;"
          >
            <div
              class="css-nen11g-MuiStack-root"
              style="padding: 0px 48px;"
            >
              <div
                class="MuiCollapse-root MuiCollapse-vertical MuiCollapse-entered css-pwcg7p-MuiCollapse-root"
                style="min-height: 0px;"
              >
                <div
                  class="MuiCollapse-wrapper MuiCollapse-vertical css-smkl36-MuiCollapse-wrapper"
                >
                  <div
                    class="MuiCollapse-wrapperInner MuiCollapse-vertical css-9l5vo-MuiCollapse-wrapperInner"
                  >
                    <div
                      class="sc-aXZVg iqobTy"
                    />
                    <span
                      class="sc-imWYAI idmtjB"
                      color="#445B66"
                    >
                      Raw Material Price Trends
                    </span>
                    <div
                      class="sc-aXZVg lkIFyb"
                    />
                    <span
                      class="sc-dhKdcB dlruwN"
                      color="#445B66"
                    >
                      Leverage the latest data insights for smarter decision-making
                    </span>
                    <div
                      class="sc-aXZVg ipFQBU"
                    />
                    <div
                      class="css-bimbu8"
                    >
                      <img
                        class="sc-fPXMVe ibfJKW"
                        height="30"
                        src="/icons/smart-bridge-ai.svg"
                        title=""
                        width="24"
                      />
                      <div
                        class="sc-gEvEer dufIhW"
                      />
                      <div
                        class="sc-gsFSXq fPhlqA"
                        color="#89A8B3"
                        font-size="13px"
                        font-weight="400"
                      >
                        Powered by SmartBridge Artificial Intelligence
                      </div>
                    </div>
                  </div>
                </div>
              </div>
              <div
                class="sc-aXZVg iqnCSE"
              />
              <div
                class="MuiAutocomplete-root MuiAutocomplete-hasPopupIcon css-z078ln-MuiAutocomplete-root"
              >
                <div
                  class="MuiFormControl-root MuiFormControl-fullWidth MuiTextField-root css-wb57ya-MuiFormControl-root-MuiTextField-root"
                >
                  <label
                    class="MuiFormLabel-root MuiInputLabel-root MuiInputLabel-formControl MuiInputLabel-animated MuiInputLabel-outlined MuiFormLabel-colorPrimary MuiInputLabel-root MuiInputLabel-formControl MuiInputLabel-animated MuiInputLabel-outlined css-14s5rfu-MuiFormLabel-root-MuiInputLabel-root"
                    data-shrink="false"
                    for="raw-material-autocomplete"
                    id="raw-material-autocomplete-label"
                  >
                    Type to find raw-material
                  </label>
                  <div
                    class="MuiInputBase-root MuiOutlinedInput-root MuiInputBase-colorPrimary MuiInputBase-fullWidth MuiInputBase-formControl MuiInputBase-adornedEnd MuiAutocomplete-inputRoot css-154xyx0-MuiInputBase-root-MuiOutlinedInput-root"
                  >
                    <input
                      aria-autocomplete="list"
                      aria-expanded="false"
                      aria-invalid="false"
                      autocapitalize="none"
                      autocomplete="off"
                      class="MuiInputBase-input MuiOutlinedInput-input MuiInputBase-inputAdornedEnd MuiAutocomplete-input MuiAutocomplete-inputFocused css-nxo287-MuiInputBase-input-MuiOutlinedInput-input"
                      id="raw-material-autocomplete"
                      role="combobox"
                      spellcheck="false"
                      type="text"
                      value=""
                    />
                    <div
                      class="MuiAutocomplete-endAdornment css-1q60rmi-MuiAutocomplete-endAdornment"
                    >
                      <button
                        aria-label="Open"
                        class="MuiButtonBase-root MuiIconButton-root MuiIconButton-sizeMedium MuiAutocomplete-popupIndicator css-qzbt6i-MuiButtonBase-root-MuiIconButton-root-MuiAutocomplete-popupIndicator"
                        tabindex="-1"
                        title="Open"
                        type="button"
                      >
                        <svg
                          aria-hidden="true"
                          class="MuiSvgIcon-root MuiSvgIcon-fontSizeMedium css-i4bv87-MuiSvgIcon-root"
                          data-testid="ArrowDropDownIcon"
                          focusable="false"
                          viewBox="0 0 24 24"
                        >
                          <path
                            d="M7 10l5 5 5-5z"
                          />
                        </svg>
                        <span
                          class="MuiTouchRipple-root css-8je8zh-MuiTouchRipple-root"
                        />
                      </button>
                    </div>
                    <fieldset
                      aria-hidden="true"
                      class="MuiOutlinedInput-notchedOutline css-1d3z3hw-MuiOutlinedInput-notchedOutline"
                    >
                      <legend
                        class="css-yjsfm1"
                      >
                        <span>
                          Type to find raw-material
                        </span>
                      </legend>
                    </fieldset>
                  </div>
                </div>
              </div>
              <div
                style="width: 100%; display: flex; justify-content: flex-end;"
              >
                <button
                  class="MuiButtonBase-root MuiButton-root MuiButton-text MuiButton-textPrimary MuiButton-sizeMedium MuiButton-textSizeMedium MuiButton-root MuiButton-text MuiButton-textPrimary MuiButton-sizeMedium MuiButton-textSizeMedium css-1e6y48t-MuiButtonBase-root-MuiButton-root"
                  style="font-family: Ubuntu; color: rgb(67, 67, 67); font-weight: 400;"
                  tabindex="0"
                  type="button"
                >
                  <span
                    class="MuiButton-startIcon MuiButton-iconSizeMedium css-1d6wzja-MuiButton-startIcon"
                  >
                    <svg
                      aria-hidden="true"
                      class="MuiSvgIcon-root MuiSvgIcon-fontSizeMedium css-1e9q3gw-MuiSvgIcon-root"
                      data-testid="ReplayIcon"
                      focusable="false"
                      viewBox="0 0 24 24"
                    >
                      <path
                        d="M12 5V1L7 6l5 5V7c3.31 0 6 2.69 6 6s-2.69 6-6 6-6-2.69-6-6H4c0 4.42 3.58 8 8 8s8-3.58 8-8-3.58-8-8-8z"
                      />
                    </svg>
                  </span>
                  Reset All
                  <span
                    class="MuiTouchRipple-root css-8je8zh-MuiTouchRipple-root"
                  />
                </button>
              </div>
              <div
                class="sc-aXZVg iqobTy"
              />
            </div>
          </div>
        </div>
      </header>
      <div
        class="MuiBox-root css-1jvvr9v"
      >
        <div
          class="sc-aXZVg ipXJpq"
        />
        <div
          class="MuiPaper-root MuiPaper-elevation MuiPaper-rounded MuiPaper-elevation1 MuiCard-root sc-feUZmu bkTjGo css-bhp9pd-MuiPaper-root-MuiCard-root"
        >
          <div
            class="sc-eqUAAy jgpQLS"
          >
            Filter by category
          </div>
          <div
            class="sc-aXZVg iqDiuF"
          />
          <div
            class="css-nen11g-MuiStack-root"
          >
            <div
              class="MuiGrid-root MuiGrid-container css-11lq3yg-MuiGrid-root"
            >
              <div
                class="MuiGrid-root MuiGrid-item css-13i4rnv-MuiGrid-root"
              >
                <button
                  class="MuiButtonBase-root MuiButton-root MuiButton-text MuiButton-textPrimary MuiButton-sizeMedium MuiButton-textSizeMedium MuiButton-root MuiButton-text MuiButton-textPrimary MuiButton-sizeMedium MuiButton-textSizeMedium css-1e6y48t-MuiButtonBase-root-MuiButton-root"
                  data-testid="vertical-button"
                  style="min-width: 156px; display: flex; flex-direction: column; align-items: center; justify-content: center; font-size: 14px;"
                  tabindex="0"
                  type="button"
                >
                  <img
                    class="sc-fPXMVe kYejJz"
                    height="52"
                    src="/icons/materialCategory/energy.svg"
                    title=""
                    width="52"
                  />
                  <div
                    class="sc-aXZVg ipWIgW"
                  />
                  Energy
                  <span
                    class="MuiTouchRipple-root css-8je8zh-MuiTouchRipple-root"
                  />
                </button>
              </div>
              <div
                class="MuiGrid-root MuiGrid-item css-13i4rnv-MuiGrid-root"
              >
                <button
                  class="MuiButtonBase-root MuiButton-root MuiButton-text MuiButton-textPrimary MuiButton-sizeMedium MuiButton-textSizeMedium MuiButton-root MuiButton-text MuiButton-textPrimary MuiButton-sizeMedium MuiButton-textSizeMedium css-1e6y48t-MuiButtonBase-root-MuiButton-root"
                  data-testid="vertical-button"
                  style="min-width: 156px; display: flex; flex-direction: column; align-items: center; justify-content: center; font-size: 14px;"
                  tabindex="0"
                  type="button"
                >
                  <img
                    class="sc-fPXMVe kYejJz"
                    height="52"
                    src="/icons/materialCategory/metal.svg"
                    title=""
                    width="52"
                  />
                  <div
                    class="sc-aXZVg ipWIgW"
                  />
                  Metals
                  <span
                    class="MuiTouchRipple-root css-8je8zh-MuiTouchRipple-root"
                  />
                </button>
              </div>
              <div
                class="MuiGrid-root MuiGrid-item css-13i4rnv-MuiGrid-root"
              >
                <button
                  class="MuiButtonBase-root MuiButton-root MuiButton-text MuiButton-textPrimary MuiButton-sizeMedium MuiButton-textSizeMedium MuiButton-root MuiButton-text MuiButton-textPrimary MuiButton-sizeMedium MuiButton-textSizeMedium css-1e6y48t-MuiButtonBase-root-MuiButton-root"
                  data-testid="vertical-button"
                  style="min-width: 156px; display: flex; flex-direction: column; align-items: center; justify-content: center; font-size: 14px;"
                  tabindex="0"
                  type="button"
                >
                  <img
                    class="sc-fPXMVe kYejJz"
                    height="52"
                    src="/icons/materialCategory/plastic.svg"
                    title=""
                    width="52"
                  />
                  <div
                    class="sc-aXZVg ipWIgW"
                  />
                  Plastic
                  <span
                    class="MuiTouchRipple-root css-8je8zh-MuiTouchRipple-root"
                  />
                </button>
              </div>
              <div
                class="MuiGrid-root MuiGrid-item css-13i4rnv-MuiGrid-root"
              >
                <button
                  class="MuiButtonBase-root MuiButton-root MuiButton-text MuiButton-textPrimary MuiButton-sizeMedium MuiButton-textSizeMedium MuiButton-root MuiButton-text MuiButton-textPrimary MuiButton-sizeMedium MuiButton-textSizeMedium css-1e6y48t-MuiButtonBase-root-MuiButton-root"
                  data-testid="vertical-button"
                  style="min-width: 156px; display: flex; flex-direction: column; align-items: center; justify-content: center; font-size: 14px;"
                  tabindex="0"
                  type="button"
                >
                  <img
                    class="sc-fPXMVe kYejJz"
                    height="52"
                    src="/icons/materialCategory/ESG.svg"
                    title=""
                    width="52"
                  />
                  <div
                    class="sc-aXZVg ipWIgW"
                  />
                  ESG
                  <span
                    class="MuiTouchRipple-root css-8je8zh-MuiTouchRipple-root"
                  />
                </button>
              </div>
              <div
                class="MuiGrid-root MuiGrid-item css-13i4rnv-MuiGrid-root"
              >
                <button
                  class="MuiButtonBase-root MuiButton-root MuiButton-text MuiButton-textPrimary MuiButton-sizeMedium MuiButton-textSizeMedium MuiButton-root MuiButton-text MuiButton-textPrimary MuiButton-sizeMedium MuiButton-textSizeMedium css-1e6y48t-MuiButtonBase-root-MuiButton-root"
                  data-testid="vertical-button"
                  style="min-width: 156px; display: flex; flex-direction: column; align-items: center; justify-content: center; font-size: 14px;"
                  tabindex="0"
                  type="button"
                >
                  <img
                    class="sc-fPXMVe kYejJz"
                    height="52"
                    src="/icons/materialCategory/ev-related.svg"
                    title=""
                    width="52"
                  />
                  <div
                    class="sc-aXZVg ipWIgW"
                  />
                  EV-related
                  <span
                    class="MuiTouchRipple-root css-8je8zh-MuiTouchRipple-root"
                  />
                </button>
              </div>
              <div
                class="MuiGrid-root MuiGrid-item css-13i4rnv-MuiGrid-root"
              >
                <button
                  class="MuiButtonBase-root MuiButton-root MuiButton-text MuiButton-textPrimary MuiButton-sizeMedium MuiButton-textSizeMedium MuiButton-root MuiButton-text MuiButton-textPrimary MuiButton-sizeMedium MuiButton-textSizeMedium css-1e6y48t-MuiButtonBase-root-MuiButton-root"
                  data-testid="vertical-button"
                  style="min-width: 156px; display: flex; flex-direction: column; align-items: center; justify-content: center; font-size: 14px;"
                  tabindex="0"
                  type="button"
                >
                  <img
                    class="sc-fPXMVe kYejJz"
                    height="52"
                    src="/icons/materialCategory/others.svg"
                    title=""
                    width="52"
                  />
                  <div
                    class="sc-aXZVg ipWIgW"
                  />
                  Others
                  <span
                    class="MuiTouchRipple-root css-8je8zh-MuiTouchRipple-root"
                  />
                </button>
              </div>
              <div
                class="MuiGrid-root MuiGrid-item css-13i4rnv-MuiGrid-root"
              >
                <button
                  class="MuiButtonBase-root MuiButton-root MuiButton-text MuiButton-textPrimary MuiButton-sizeMedium MuiButton-textSizeMedium Mui-disabled MuiButton-root MuiButton-text MuiButton-textPrimary MuiButton-sizeMedium MuiButton-textSizeMedium css-1e6y48t-MuiButtonBase-root-MuiButton-root"
                  data-testid="vertical-button"
                  disabled=""
                  style="min-width: 156px; display: flex; flex-direction: column; align-items: center; justify-content: center; font-size: 14px;"
                  tabindex="-1"
                  type="button"
                >
                  <img
                    class="sc-fPXMVe kYejJz"
                    height="52"
                    src="/icons/materialCategory/lock.svg"
                    title=""
                    width="52"
                  />
                  <div
                    class="sc-aXZVg ipWIgW"
                  />
                  More
                </button>
              </div>
            </div>
            <div
              class="sc-aXZVg iqDiuF"
            />
            <div
              class="MuiCollapse-root MuiCollapse-vertical MuiCollapse-hidden css-bz4dnt-MuiCollapse-root"
              data-testid="raw-material-collapse"
              style="min-height: 0px;"
            >
              <div
                class="MuiCollapse-wrapper MuiCollapse-vertical css-smkl36-MuiCollapse-wrapper"
              >
                <div
                  class="MuiCollapse-wrapperInner MuiCollapse-vertical css-9l5vo-MuiCollapse-wrapperInner"
                >
                  <div
                    class="css-nen11g-MuiStack-root"
                    style="border-radius: 16px; background-color: rgb(243, 244, 246);"
                  >
                    <div
                      class="sc-aXZVg ipFQBU"
                    />
                    <div
                      class="MuiGrid-root MuiGrid-container css-11lq3yg-MuiGrid-root"
                    />
                    <hr
                      class="MuiDivider-root MuiDivider-fullWidth css-9mgopn-MuiDivider-root"
                      style="margin: 12px;"
                    />
                    <div
                      class="MuiBox-root css-1n2mv2k"
                    >
                      <button
                        class="MuiButtonBase-root MuiButton-root MuiButton-text MuiButton-textPrimary MuiButton-sizeMedium MuiButton-textSizeMedium MuiButton-root MuiButton-text MuiButton-textPrimary MuiButton-sizeMedium MuiButton-textSizeMedium css-1e6y48t-MuiButtonBase-root-MuiButton-root"
                        tabindex="0"
                        type="button"
                      >
                        <span
                          class="MuiButton-startIcon MuiButton-iconSizeMedium css-1d6wzja-MuiButton-startIcon"
                        >
                          <svg
                            aria-hidden="true"
                            class="MuiSvgIcon-root MuiSvgIcon-fontSizeMedium css-i4bv87-MuiSvgIcon-root"
                            data-testid="FormatAlignCenterIcon"
                            focusable="false"
                            viewBox="0 0 24 24"
                          >
                            <path
                              d="M7 15v2h10v-2H7zm-4 6h18v-2H3v2zm0-8h18v-2H3v2zm4-6v2h10V7H7zM3 3v2h18V3H3z"
                            />
                          </svg>
                        </span>
                        <div
                          class="sc-gEvEer kdCKNz"
                        />
                        Select All
                        <span
                          class="MuiTouchRipple-root css-8je8zh-MuiTouchRipple-root"
                        />
                      </button>
                    </div>
                    <div
                      class="sc-aXZVg iqDiuF"
                    />
                  </div>
                </div>
              </div>
            </div>
          </div>
        </div>
        <div
          class="sc-aXZVg ipXJpq"
        />
        <div
          class="MuiGrid-root MuiGrid-container css-mhc70k-MuiGrid-root"
        />
        <div
          class="sc-aXZVg ipXJpq"
        />
      </div>
    </main>
  </div>
</DocumentFragment>
`;
